// Jest Snapshot v1, https://goo.gl/fbAQLP

exports[`renders correctly 1`] = `
<div
  className="Pickers-root-1"
>
  <form
    autoComplete="off"
    className="Picker-root-2"
  >
    <div
      className="MuiFormControl-root-3"
    >
      <label
        className="MuiFormLabel-root-18 MuiFormLabel-filled-22 MuiInputLabel-root-7 MuiInputLabel-formControl-12 MuiInputLabel-animated-15 MuiInputLabel-shrink-14"
        data-shrink={true}
      >
        Platform
      </label>
      <div
        className="MuiInputBase-root-45 MuiInput-root-32 MuiInput-underline-36 MuiInputBase-formControl-46 MuiInput-formControl-33"
        onClick={[Function]}
      >
        <div
          className="MuiSelect-root-25"
        >
          <div
            aria-haspopup="true"
            aria-pressed="false"
            className="MuiSelect-select-26 MuiSelect-selectMenu-29 MuiInputBase-input-55 MuiInput-input-40"
            onBlur={[Function]}
            onClick={[Function]}
            onFocus={[Function]}
            onKeyDown={[Function]}
            role="button"
            tabIndex={0}
          >
            Windows 10 64bit
          </div>
          <input
            name="platform"
            type="hidden"
            value="win10"
          />
          <svg
            aria-hidden="true"
            className="MuiSvgIcon-root-62 MuiSelect-icon-31"
            focusable="false"
            role="presentation"
            viewBox="0 0 24 24"
          >
            <path
              d="M7 10l5 5 5-5z"
            />
          </svg>
        </div>
      </div>
    </div>
  </form>
  <form
    autoComplete="off"
    className="Picker-root-2"
  >
    <div
      className="MuiFormControl-root-3"
    >
      <label
        className="MuiFormLabel-root-18 MuiFormLabel-filled-22 MuiInputLabel-root-7 MuiInputLabel-formControl-12 MuiInputLabel-animated-15 MuiInputLabel-shrink-14"
        data-shrink={true}
      >
        Benchmark
      </label>
      <div
        className="MuiInputBase-root-45 MuiInput-root-32 MuiInput-underline-36 MuiInputBase-formControl-46 MuiInput-formControl-33"
        onClick={[Function]}
      >
        <div
          className="MuiSelect-root-25"
        >
          <div
            aria-haspopup="true"
            aria-pressed="false"
            className="MuiSelect-select-26 MuiSelect-selectMenu-29 MuiInputBase-input-55 MuiInput-input-40"
            onBlur={[Function]}
            onClick={[Function]}
            onFocus={[Function]}
            onKeyDown={[Function]}
            role="button"
            tabIndex={0}
          >
            Overview
          </div>
          <input
            name="benchmark"
            type="hidden"
            value="overview"
          />
          <svg
            aria-hidden="true"
            className="MuiSvgIcon-root-62 MuiSelect-icon-31"
            focusable="false"
            role="presentation"
            viewBox="0 0 24 24"
          >
            <path
              d="M7 10l5 5 5-5z"
            />
          </svg>
        </div>
      </div>
    </div>
  </form>
</div>
`;
